Component: ARM Compiler 5.06 update 4 (build 422) Tool: armlink [4d35d2]

==============================================================================

Section Cross References

    main.o(i.ADC_IRQHandler) refers to uidiv.o(.text) for __aeabi_uidivmod
    main.o(i.ADC_IRQHandler) refers to printf8.o(i.__0printf$8) for __2printf
    main.o(i.ADC_IRQHandler) refers to main.o(.data) for .data
    main.o(i.assert_nrf_callback) refers to app_error.o(i.app_error_handler) for app_error_handler
    main.o(i.beacon_evt_handler) refers to bsp.o(i.bsp_indication_set) for bsp_indication_set
    main.o(i.beacon_evt_handler) refers to app_error.o(i.app_error_handler) for app_error_handler
    main.o(i.beacon_scanner_error_handler) refers to app_error.o(i.app_error_handler) for app_error_handler
    main.o(i.ble_evt_dispatch) refers to scanner_beacon.o(i.app_beacon_scanner_on_ble_evt) for app_beacon_scanner_on_ble_evt
    main.o(i.ble_evt_dispatch) refers to device_manager_peripheral.o(i.dm_ble_evt_handler) for dm_ble_evt_handler
    main.o(i.ble_evt_dispatch) refers to ble_hrs.o(i.ble_hrs_on_ble_evt) for ble_hrs_on_ble_evt
    main.o(i.ble_evt_dispatch) refers to ble_bas.o(i.ble_bas_on_ble_evt) for ble_bas_on_ble_evt
    main.o(i.ble_evt_dispatch) refers to ble_conn_params.o(i.ble_conn_params_on_ble_evt) for ble_conn_params_on_ble_evt
    main.o(i.ble_evt_dispatch) refers to bsp_btn_ble.o(i.bsp_btn_ble_on_ble_evt) for bsp_btn_ble_on_ble_evt
    main.o(i.ble_evt_dispatch) refers to main.o(i.on_ble_evt) for on_ble_evt
    main.o(i.ble_evt_dispatch) refers to ble_advertising.o(i.ble_advertising_on_ble_evt) for ble_advertising_on_ble_evt
    main.o(i.ble_evt_dispatch) refers to main.o(.bss) for .bss
    main.o(i.ble_stack_init) refers to softdevice_handler.o(i.softdevice_handler_init) for softdevice_handler_init
    main.o(i.ble_stack_init) refers to app_error.o(i.app_error_handler) for app_error_handler
    main.o(i.ble_stack_init) refers to softdevice_handler.o(i.softdevice_ble_evt_handler_set) for softdevice_ble_evt_handler_set
    main.o(i.ble_stack_init) refers to softdevice_handler.o(i.softdevice_sys_evt_handler_set) for softdevice_sys_evt_handler_set
    main.o(i.ble_stack_init) refers to main.o(.bss) for .bss
    main.o(i.ble_stack_init) refers to main.o(i.ble_evt_dispatch) for ble_evt_dispatch
    main.o(i.ble_stack_init) refers to main.o(i.sys_evt_dispatch) for sys_evt_dispatch
    main.o(i.conn_params_error_handler) refers to app_error.o(i.app_error_handler) for app_error_handler
    main.o(i.device_manager_evt_handler) refers to app_error.o(i.app_error_handler) for app_error_handler
    main.o(i.device_manager_init) refers to pstorage.o(i.pstorage_init) for pstorage_init
    main.o(i.device_manager_init) refers to app_error.o(i.app_error_handler) for app_error_handler
    main.o(i.device_manager_init) refers to device_manager_peripheral.o(i.dm_init) for dm_init
    main.o(i.device_manager_init) refers to memseta.o(.text) for __aeabi_memclr
    main.o(i.device_manager_init) refers to device_manager_peripheral.o(i.dm_register) for dm_register
    main.o(i.device_manager_init) refers to main.o(i.device_manager_evt_handler) for device_manager_evt_handler
    main.o(i.device_manager_init) refers to main.o(.data) for .data
    main.o(i.gap_params_init) refers to app_error.o(i.app_error_handler) for app_error_handler
    main.o(i.main) refers to app_timer.o(i.app_timer_init) for app_timer_init
    main.o(i.main) refers to app_error.o(i.app_error_handler) for app_error_handler
    main.o(i.main) refers to app_uart_fifo.o(i.app_uart_init) for app_uart_init
    main.o(i.main) refers to main.o(i.ble_stack_init) for ble_stack_init
    main.o(i.main) refers to main.o(i.device_manager_init) for device_manager_init
    main.o(i.main) refers to main.o(i.gap_params_init) for gap_params_init
    main.o(i.main) refers to memseta.o(.text) for __aeabi_memclr4
    main.o(i.main) refers to ble_conn_params.o(i.ble_conn_params_init) for ble_conn_params_init
    main.o(i.main) refers to printf8.o(i.__0printf$8) for __2printf
    main.o(i.main) refers to scanner_beacon.o(i.app_beacon_scanner_init) for app_beacon_scanner_init
    main.o(i.main) refers to main.o(i.adc_init) for adc_init
    main.o(i.main) refers to scanner_beacon.o(i.app_beacon_scanner_start) for app_beacon_scanner_start
    main.o(i.main) refers to ble_advertising.o(i.ble_advertising_start) for ble_advertising_start
    main.o(i.main) refers to main.o(i.adc_start) for adc_start
    main.o(i.main) refers to nrf_delay.o(i.nrf_delay_ms) for nrf_delay_ms
    main.o(i.main) refers to main.o(.bss) for .bss
    main.o(i.main) refers to main.o(.constdata) for .constdata
    main.o(i.main) refers to main.o(i.uart_event_handle) for uart_event_handle
    main.o(i.main) refers to main.o(i.on_conn_params_evt) for on_conn_params_evt
    main.o(i.main) refers to main.o(i.conn_params_error_handler) for conn_params_error_handler
[...]
    i.app_timer_stop                         0x0001d064   Section        0  app_timer.o(i.app_timer_stop)
    i.app_uart_get                           0x0001d0b8   Section        0  app_uart_fifo.o(i.app_uart_get)
    i.app_uart_init                          0x0001d0ec   Section        0  app_uart_fifo.o(i.app_uart_init)
    i.app_uart_put                           0x0001d18c   Section        0  app_uart_fifo.o(i.app_uart_put)
    i.beacon_evt_handler                     0x0001d1b4   Section        0  main.o(i.beacon_evt_handler)
    beacon_evt_handler                       0x0001d1b5   Thumb Code    44  main.o(i.beacon_evt_handler)
    i.beacon_scanner_error_handler           0x0001d1e8   Section        0  main.o(i.beacon_scanner_error_handler)
    beacon_scanner_error_handler             0x0001d1e9   Thumb Code    12  main.o(i.beacon_scanner_error_handler)
    i.ble_advdata_set                        0x0001d1f4   Section        0  ble_advdata.o(i.ble_advdata_set)
    i.ble_advertising_on_ble_evt             0x0001d25c   Section        0  ble_advertising.o(i.ble_advertising_on_ble_evt)
    i.ble_advertising_on_sys_evt             0x0001d2d8   Section        0  ble_advertising.o(i.ble_advertising_on_sys_evt)
    i.ble_advertising_peer_address_clear     0x0001d308   Section        0  ble_advertising.o(i.ble_advertising_peer_address_clear)
    ble_advertising_peer_address_clear       0x0001d309   Thumb Code    12  ble_advertising.o(i.ble_advertising_peer_address_clear)
    i.ble_advertising_start                  0x0001d318   Section        0  ble_advertising.o(i.ble_advertising_start)
    i.ble_bas_on_ble_evt                     0x0001d4f8   Section        0  ble_bas.o(i.ble_bas_on_ble_evt)
    i.ble_conn_params_init                   0x0001d558   Section        0  ble_conn_params.o(i.ble_conn_params_init)
    i.ble_conn_params_on_ble_evt             0x0001d5ac   Section        0  ble_conn_params.o(i.ble_conn_params_on_ble_evt)
    i.ble_device_addr_encode                 0x0001d63c   Section        0  ble_advdata.o(i.ble_device_addr_encode)
    ble_device_addr_encode                   0x0001d63d   Thumb Code    94  ble_advdata.o(i.ble_device_addr_encode)
    i.ble_evt_dispatch                       0x0001d69c   Section        0  main.o(i.ble_evt_dispatch)
    ble_evt_dispatch                         0x0001d69d   Thumb Code    58  main.o(i.ble_evt_dispatch)
    i.ble_hrs_on_ble_evt                     0x0001d6dc   Section        0  ble_hrs.o(i.ble_hrs_on_ble_evt)
    i.ble_nus_string_send                    0x0001d72c   Section        0  ble_nus.o(i.ble_nus_string_send)
    i.ble_stack_init                         0x0001d780   Section        0  main.o(i.ble_stack_init)
    ble_stack_init                           0x0001d781   Thumb Code    90  main.o(i.ble_stack_init)
    i.bond_data_load                         0x0001d7e8   Section        0  device_manager_peripheral.o(i.bond_data_load)
    i.bsp_btn_ble_on_ble_evt                 0x0001d830   Section        0  bsp_btn_ble.o(i.bsp_btn_ble_on_ble_evt)
    i.bsp_button_event_handler               0x0001d8a8   Section        0  bsp.o(i.bsp_button_event_handler)
    bsp_button_event_handler                 0x0001d8a9   Thumb Code   148  bsp.o(i.bsp_button_event_handler)
    i.bsp_event_to_button_action_assign      0x0001d948   Section        0  bsp.o(i.bsp_event_to_button_action_assign)
    i.bsp_indication_set                     0x0001d990   Section        0  bsp.o(i.bsp_indication_set)
    i.bsp_led_indication                     0x0001d9ac   Section        0  bsp.o(i.bsp_led_indication)
    bsp_led_indication                       0x0001d9ad   Thumb Code   492  bsp.o(i.bsp_led_indication)
    i.channel_port_get                       0x0001dba4   Section        0  nrf_drv_gpiote.o(i.channel_port_get)
    channel_port_get                         0x0001dba5   Thumb Code    10  nrf_drv_gpiote.o(i.channel_port_get)
    i.clear_operation_execute                0x0001dbb4   Section        0  pstorage.o(i.clear_operation_execute)
    clear_operation_execute                  0x0001dbb5   Thumb Code   252  pstorage.o(i.clear_operation_execute)
    i.clear_post_processing_run              0x0001dcb8   Section        0  pstorage.o(i.clear_post_processing_run)
    clear_post_processing_run                0x0001dcb9   Thumb Code    32  pstorage.o(i.clear_post_processing_run)
    i.cmd_process                            0x0001dcdc   Section        0  pstorage.o(i.cmd_process)
    cmd_process                              0x0001dcdd   Thumb Code    46  pstorage.o(i.cmd_process)
    i.cmd_queue_element_init                 0x0001dd14   Section        0  pstorage.o(i.cmd_queue_element_init)
    cmd_queue_element_init                   0x0001dd15   Thumb Code    26  pstorage.o(i.cmd_queue_element_init)
    i.cmd_queue_enqueue                      0x0001dd34   Section        0  pstorage.o(i.cmd_queue_enqueue)
    cmd_queue_enqueue                        0x0001dd35   Thumb Code    68  pstorage.o(i.cmd_queue_enqueue)
    i.command_end_procedure_run              0x0001dd80   Section        0  pstorage.o(i.command_end_procedure_run)
    command_end_procedure_run                0x0001dd81   Thumb Code    56  pstorage.o(i.command_end_procedure_run)
    i.compare_reg_update                     0x0001ddbc   Section        0  app_timer.o(i.compare_reg_update)
    compare_reg_update                       0x0001ddbd   Thumb Code   142  app_timer.o(i.compare_reg_update)
    i.conn_int_encode                        0x0001de64   Section        0  ble_advdata.o(i.conn_int_encode)
    conn_int_encode                          0x0001de65   Thumb Code   130  ble_advdata.o(i.conn_int_encode)
    i.conn_params_error_handler              0x0001deec   Section        0  main.o(i.conn_params_error_handler)
    conn_params_error_handler                0x0001deed   Thumb Code    12  main.o(i.conn_params_error_handler)
    i.conn_params_negotiation                0x0001def8   Section        0  ble_conn_params.o(i.conn_params_negotiation)
    conn_params_negotiation                  0x0001def9   Thumb Code    92  ble_conn_params.o(i.conn_params_negotiation)
    i.connection_instance_find               0x0001df60   Section        0  device_manager_peripheral.o(i.connection_instance_find)
    connection_instance_find                 0x0001df61   Thumb Code    38  device_manager_peripheral.o(i.connection_instance_find)
    i.connection_instance_init               0x0001df90   Section        0  device_manager_peripheral.o(i.connection_instance_init)
    connection_instance_init                 0x0001df91   Thumb Code    30  device_manager_peripheral.o(i.connection_instance_init)
    i.data_page_erase_state_run              0x0001dfb4   Section        0  pstorage.o(i.data_page_erase_state_run)
    data_page_erase_state_run                0x0001dfb5   Thumb Code    80  pstorage.o(i.data_page_erase_state_run)
    i.data_to_swap_write_state_run           0x0001e008   Section        0  pstorage.o(i.data_to_swap_write_state_run)
    data_to_swap_write_state_run             0x0001e009   Thumb Code    34  pstorage.o(i.data_to_swap_write_state_run)
    i.decode_ad_manuf_spec_data              0x0001e030   Section        0  scanner_beacon.o(i.decode_ad_manuf_spec_data)
    decode_ad_manuf_spec_data                0x0001e031   Thumb Code    82  scanner_beacon.o(i.decode_ad_manuf_spec_data)
    i.device_context_store                   0x0001e084   Section        0  device_manager_peripheral.o(i.device_context_store)
    device_context_store                     0x0001e085   Thumb Code   152  device_manager_peripheral.o(i.device_context_store)
    i.device_instance_allocate               0x0001e134   Section        0  device_manager_peripheral.o(i.device_instance_allocate)
    device_instance_allocate                 0x0001e135   Thumb Code    74  device_manager_peripheral.o(i.device_instance_allocate)
    i.device_instance_find                   0x0001e188   Section        0  device_manager_peripheral.o(i.device_instance_find)
    device_instance_find                     0x0001e189   Thumb Code    68  device_manager_peripheral.o(i.device_instance_find)
    i.device_instance_free                   0x0001e1d0   Section        0  device_manager_peripheral.o(i.device_instance_free)
    device_instance_free                     0x0001e1d1   Thumb Code    40  device_manager_peripheral.o(i.device_instance_free)
    i.device_manager_evt_handler             0x0001e1fc   Section        0  main.o(i.device_manager_evt_handler)
    device_manager_evt_handler               0x0001e1fd   Thumb Code    18  main.o(i.device_manager_evt_handler)
    i.device_manager_init                    0x0001e210   Section        0  main.o(i.device_manager_init)
    device_manager_init                      0x0001e211   Thumb Code   106  main.o(i.device_manager_init)
    i.dm_ble_evt_handler                     0x0001e284   Section        0  device_manager_peripheral.o(i.dm_ble_evt_handler)
    i.dm_handle_initialize                   0x0001e65c   Section        0  device_manager_peripheral.o(i.dm_handle_initialize)
    i.dm_init                                0x0001e678   Section        0  device_manager_peripheral.o(i.dm_init)
    i.dm_pstorage_cb_handler                 0x0001e73c   Section        0  device_manager_peripheral.o(i.dm_pstorage_cb_handler)
    dm_pstorage_cb_handler                   0x0001e73d   Thumb Code   344  device_manager_peripheral.o(i.dm_pstorage_cb_handler)
    i.dm_register                            0x0001e8a0   Section        0  device_manager_peripheral.o(i.dm_register)
    i.elapsed_ticks_acquire                  0x0001e914   Section        0  app_timer.o(i.elapsed_ticks_acquire)
    elapsed_ticks_acquire                    0x0001e915   Thumb Code    58  app_timer.o(i.elapsed_ticks_acquire)
    i.fifo_get                               0x0001e954   Section        0  app_fifo.o(i.fifo_get)
    fifo_get                                 0x0001e955   Thumb Code    20  app_fifo.o(i.fifo_get)
    i.fifo_put                               0x0001e968   Section        0  app_fifo.o(i.fifo_put)
    fifo_put                                 0x0001e969   Thumb Code    18  app_fifo.o(i.fifo_put)
    i.flash_api_err_code_process             0x0001e97c   Section        0  pstorage.o(i.flash_api_err_code_process)
    flash_api_err_code_process               0x0001e97d   Thumb Code    28  pstorage.o(i.flash_api_err_code_process)
    i.flash_operation_success_run            0x0001e99c   Section        0  pstorage.o(i.flash_operation_success_run)
    flash_operation_success_run              0x0001e99d   Thumb Code   114  pstorage.o(i.flash_operation_success_run)
    i.flash_page_erase                       0x0001ea1c   Section        0  pstorage.o(i.flash_page_erase)
    flash_page_erase                         0x0001ea1d   Thumb Code    10  pstorage.o(i.flash_page_erase)
    i.flash_write                            0x0001ea26   Section        0  pstorage.o(i.flash_write)
    flash_write                              0x0001ea27   Thumb Code    10  pstorage.o(i.flash_write)
    i.fputc                                  0x0001ea30   Section        0  retarget.o(i.fputc)
    i.gap_params_init                        0x0001ea40   Section        0  main.o(i.gap_params_init)
    gap_params_init                          0x0001ea41   Thumb Code    84  main.o(i.gap_params_init)
    i.gattc_context_apply                    0x0001eaa4   Section        0  device_manager_peripheral.o(i.gattc_context_apply)
    gattc_context_apply                      0x0001eaa5   Thumb Code     4  device_manager_peripheral.o(i.gattc_context_apply)
    i.gattc_context_load                     0x0001eaa8   Section        0  device_manager_peripheral.o(i.gattc_context_load)
    gattc_context_load                       0x0001eaa9   Thumb Code     4  device_manager_peripheral.o(i.gattc_context_load)
    i.gattc_context_store                    0x0001eaac   Section        0  device_manager_peripheral.o(i.gattc_context_store)
    gattc_context_store                      0x0001eaad   Thumb Code     4  device_manager_peripheral.o(i.gattc_context_store)
    i.gatts_context_apply                    0x0001eab0   Section        0  device_manager_peripheral.o(i.gatts_context_apply)
    gatts_context_apply                      0x0001eab1   Thumb Code   160  device_manager_peripheral.o(i.gatts_context_apply)
    i.gatts_context_load                     0x0001eb60   Section        0  device_manager_peripheral.o(i.gatts_context_load)
    gatts_context_load                       0x0001eb61   Thumb Code    44  device_manager_peripheral.o(i.gatts_context_load)
    i.gatts_context_store                    0x0001eb90   Section        0  device_manager_peripheral.o(i.gatts_context_store)
    gatts_context_store                      0x0001eb91   Thumb Code   158  device_manager_peripheral.o(i.gatts_context_store)
    i.gattsc_context_apply                   0x0001ec3c   Section        0  device_manager_peripheral.o(i.gattsc_context_apply)
    gattsc_context_apply                     0x0001ec3d   Thumb Code     8  device_manager_peripheral.o(i.gattsc_context_apply)
    i.gattsc_context_load                    0x0001ec44   Section        0  device_manager_peripheral.o(i.gattsc_context_load)
    gattsc_context_load                      0x0001ec45   Thumb Code     8  device_manager_peripheral.o(i.gattsc_context_load)
    i.gattsc_context_store                   0x0001ec4c   Section        0  device_manager_peripheral.o(i.gattsc_context_store)
    gattsc_context_store                     0x0001ec4d   Thumb Code     8  device_manager_peripheral.o(i.gattsc_context_store)
    i.head_restore_state_run                 0x0001ec54   Section        0  pstorage.o(i.head_restore_state_run)
    head_restore_state_run                   0x0001ec55   Thumb Code   110  pstorage.o(i.head_restore_state_run)
    i.intern_softdevice_events_execute       0x0001eccc   Section        0  softdevice_handler.o(i.intern_softdevice_events_execute)
    i.is_conn_params_ok                      0x0001ed4c   Section        0  ble_conn_params.o(i.is_conn_params_ok)
    is_conn_params_ok                        0x0001ed4d   Thumb Code    24  ble_conn_params.o(i.is_conn_params_ok)
    i.is_manual_peripheral_setup_needed      0x0001ed68   Section        0  system_nrf51.o(i.is_manual_peripheral_setup_needed)
    is_manual_peripheral_setup_needed        0x0001ed69   Thumb Code    66  system_nrf51.o(i.is_manual_peripheral_setup_needed)
    i.is_page_erase_required                 0x0001edb0   Section        0  pstorage.o(i.is_page_erase_required)
    is_page_erase_required                   0x0001edb1   Thumb Code    60  pstorage.o(i.is_page_erase_required)
    i.is_word_aligned                        0x0001edf4   Section        0  pstorage.o(i.is_word_aligned)
    is_word_aligned                          0x0001edf5   Thumb Code    12  pstorage.o(i.is_word_aligned)
    i.le_role_encode                         0x0001ee00   Section        0  ble_advdata.o(i.le_role_encode)
    le_role_encode                           0x0001ee01   Thumb Code    84  ble_advdata.o(i.le_role_encode)
    i.list_deletions_handler                 0x0001ee54   Section        0  app_timer.o(i.list_deletions_handler)
    list_deletions_handler                   0x0001ee55   Thumb Code   180  app_timer.o(i.list_deletions_handler)
    i.list_insertions_handler                0x0001ef10   Section        0  app_timer.o(i.list_insertions_handler)
    list_insertions_handler                  0x0001ef11   Thumb Code   202  app_timer.o(i.list_insertions_handler)
    i.main                                   0x0001efe4   Section        0  main.o(i.main)
    i.main_state_err_busy_process            0x0001f114   Section        0  pstorage.o(i.main_state_err_busy_process)
    main_state_err_busy_process              0x0001f115   Thumb Code    20  pstorage.o(i.main_state_err_busy_process)
    i.manuf_specific_data_encode             0x0001f12c   Section        0  ble_advdata.o(i.manuf_specific_data_encode)
    manuf_specific_data_encode               0x0001f12d   Thumb Code   104  ble_advdata.o(i.manuf_specific_data_encode)
    i.name_encode                            0x0001f194   Section        0  ble_advdata.o(i.name_encode)
    name_encode                              0x0001f195   Thumb Code   158  ble_advdata.o(i.name_encode)
    i.no_service_context_apply               0x0001f232   Section        0  device_manager_peripheral.o(i.no_service_context_apply)
    no_service_context_apply                 0x0001f233   Thumb Code     4  device_manager_peripheral.o(i.no_service_context_apply)
    i.no_service_context_load                0x0001f236   Section        0  device_manager_peripheral.o(i.no_service_context_load)
    no_service_context_load                  0x0001f237   Thumb Code     4  device_manager_peripheral.o(i.no_service_context_load)
    i.no_service_context_store               0x0001f23a   Section        0  device_manager_peripheral.o(i.no_service_context_store)
    no_service_context_store                 0x0001f23b   Thumb Code     4  device_manager_peripheral.o(i.no_service_context_store)
    i.nrf_delay_ms                           0x0001f240   Section        0  nrf_delay.o(i.nrf_delay_ms)
    i.nrf_drv_common_irq_enable              0x0001f25c   Section        0  nrf_drv_common.o(i.nrf_drv_common_irq_enable)
    i.nrf_drv_uart_init                      0x0001f2bc   Section        0  nrf_drv_uart.o(i.nrf_drv_uart_init)
    i.nrf_drv_uart_rx                        0x0001f36c   Section        0  nrf_drv_uart.o(i.nrf_drv_uart_rx)
    i.nrf_drv_uart_rx_enable                 0x0001f420   Section        0  nrf_drv_uart.o(i.nrf_drv_uart_rx_enable)
    i.nrf_drv_uart_tx                        0x0001f438   Section        0  nrf_drv_uart.o(i.nrf_drv_uart_tx)
    i.nrf_gpio_cfg                           0x0001f4c4   Section        0  nrf_drv_uart.o(i.nrf_gpio_cfg)
    nrf_gpio_cfg                             0x0001f4c5   Thumb Code    32  nrf_drv_uart.o(i.nrf_gpio_cfg)
    i.nrf_gpio_cfg_input                     0x0001f4e8   Section        0  nrf_drv_uart.o(i.nrf_gpio_cfg_input)
    nrf_gpio_cfg_input                       0x0001f4e9   Thumb Code    18  nrf_drv_uart.o(i.nrf_gpio_cfg_input)
    i.nrf_gpio_cfg_output                    0x0001f4fa   Section        0  nrf_drv_uart.o(i.nrf_gpio_cfg_output)
    nrf_gpio_cfg_output                      0x0001f4fb   Thumb Code    20  nrf_drv_uart.o(i.nrf_gpio_cfg_output)
    i.nrf_gpio_cfg_sense_set                 0x0001f510   Section        0  nrf_drv_gpiote.o(i.nrf_gpio_cfg_sense_set)
    nrf_gpio_cfg_sense_set                   0x0001f511   Thumb Code    26  nrf_drv_gpiote.o(i.nrf_gpio_cfg_sense_set)
    i.nrf_gpiote_event_is_set                0x0001f530   Section        0  nrf_drv_gpiote.o(i.nrf_gpiote_event_is_set)
    nrf_gpiote_event_is_set                  0x0001f531   Thumb Code    14  nrf_drv_gpiote.o(i.nrf_gpiote_event_is_set)
    i.nrf_uart_event_check                   0x0001f544   Section        0  nrf_drv_uart.o(i.nrf_uart_event_check)
    nrf_uart_event_check                     0x0001f545   Thumb Code    10  nrf_drv_uart.o(i.nrf_uart_event_check)
    i.nrf_uart_int_enable_check              0x0001f54e   Section        0  nrf_drv_uart.o(i.nrf_uart_int_enable_check)
    nrf_uart_int_enable_check                0x0001f54f   Thumb Code    16  nrf_drv_uart.o(i.nrf_uart_int_enable_check)
    i.on_ble_evt                             0x0001f560   Section        0  main.o(i.on_ble_evt)
    on_ble_evt                               0x0001f561   Thumb Code   224  main.o(i.on_ble_evt)
    i.on_conn_params_evt                     0x0001f6cc   Section        0  main.o(i.on_conn_params_evt)
    on_conn_params_evt                       0x0001f6cd   Thumb Code    30  main.o(i.on_conn_params_evt)
    i.peer_address_exists                    0x0001f6f0   Section        0  ble_advertising.o(i.peer_address_exists)
    peer_address_exists                      0x0001f6f1   Thumb Code    22  ble_advertising.o(i.peer_address_exists)
    i.peer_instance_init                     0x0001f708   Section        0  device_manager_peripheral.o(i.peer_instance_init)
    peer_instance_init                       0x0001f709   Thumb Code    50  device_manager_peripheral.o(i.peer_instance_init)
    i.pstorage_access_status_get             0x0001f740   Section        0  pstorage.o(i.pstorage_access_status_get)
    i.pstorage_block_identifier_get          0x0001f768   Section        0  pstorage.o(i.pstorage_block_identifier_get)
    i.pstorage_clear                         0x0001f7bc   Section        0  pstorage.o(i.pstorage_clear)
    i.pstorage_flash_page_end                0x0001f860   Section        0  pstorage.o(i.pstorage_flash_page_end)
    pstorage_flash_page_end                  0x0001f861   Thumb Code    32  pstorage.o(i.pstorage_flash_page_end)
    i.pstorage_flash_page_size               0x0001f884   Section        0  pstorage.o(i.pstorage_flash_page_size)
    pstorage_flash_page_size                 0x0001f885   Thumb Code    10  pstorage.o(i.pstorage_flash_page_size)
    i.pstorage_init                          0x0001f890   Section        0  pstorage.o(i.pstorage_init)
    i.pstorage_load                          0x0001f8dc   Section        0  pstorage.o(i.pstorage_load)
    i.pstorage_register                      0x0001f984   Section        0  pstorage.o(i.pstorage_register)
    i.pstorage_store                         0x0001fa40   Section        0  pstorage.o(i.pstorage_store)
    i.pstorage_sys_event_handler             0x0001fad0   Section        0  pstorage.o(i.pstorage_sys_event_handler)
    i.pstorage_update                        0x0001fb1c   Section        0  pstorage.o(i.pstorage_update)
    i.rtc1_stop                              0x0001fbac   Section        0  app_timer.o(i.rtc1_stop)
    rtc1_stop                                0x0001fbad   Thumb Code    50  app_timer.o(i.rtc1_stop)
    i.rx_byte                                0x0001fbf0   Section        0  nrf_drv_uart.o(i.rx_byte)
    rx_byte                                  0x0001fbf1   Thumb Code    30  nrf_drv_uart.o(i.rx_byte)
    i.rx_done_event                          0x0001fc1c   Section        0  nrf_drv_uart.o(i.rx_done_event)
    rx_done_event                            0x0001fc1d   Thumb Code    28  nrf_drv_uart.o(i.rx_done_event)
    i.rx_enable                              0x0001fc3c   Section        0  nrf_drv_uart.o(i.rx_enable)
    rx_enable                                0x0001fc3d   Thumb Code    22  nrf_drv_uart.o(i.rx_enable)
    i.service_data_encode                    0x0001fc58   Section        0  ble_advdata.o(i.service_data_encode)
    service_data_encode                      0x0001fc59   Thumb Code   142  ble_advdata.o(i.service_data_encode)
    i.sm_state_change                        0x0001fce8   Section        0  pstorage.o(i.sm_state_change)
    sm_state_change                          0x0001fce9   Thumb Code    62  pstorage.o(i.sm_state_change)
    i.softdevice_assertion_handler           0x0001fd30   Section        0  softdevice_handler.o(i.softdevice_assertion_handler)
    i.softdevice_ble_evt_handler_set         0x0001fd3c   Section        0  softdevice_handler.o(i.softdevice_ble_evt_handler_set)
    i.softdevice_handler_init                0x0001fd50   Section        0  softdevice_handler.o(i.softdevice_handler_init)
    i.softdevice_sys_evt_handler_set         0x0001fd80   Section        0  softdevice_handler.o(i.softdevice_sys_evt_handler_set)
    i.state_data_erase_swap_entry_run        0x0001fd94   Section        0  pstorage.o(i.state_data_erase_swap_entry_run)
    state_data_erase_swap_entry_run          0x0001fd95   Thumb Code    92  pstorage.o(i.state_data_erase_swap_entry_run)
    i.state_erase_data_page_entry_run        0x0001fdf8   Section        0  pstorage.o(i.state_erase_data_page_entry_run)
    state_erase_data_page_entry_run          0x0001fdf9   Thumb Code    12  pstorage.o(i.state_erase_data_page_entry_run)
    i.state_restore_head_entry_run           0x0001fe08   Section        0  pstorage.o(i.state_restore_head_entry_run)
    state_restore_head_entry_run             0x0001fe09   Thumb Code    36  pstorage.o(i.state_restore_head_entry_run)
    i.state_restore_tail_entry_run           0x0001fe30   Section        0  pstorage.o(i.state_restore_tail_entry_run)
    state_restore_tail_entry_run             0x0001fe31   Thumb Code    66  pstorage.o(i.state_restore_tail_entry_run)
    i.state_swap_erase_entry_run             0x0001fe7c   Section        0  pstorage.o(i.state_swap_erase_entry_run)
    state_swap_erase_entry_run               0x0001fe7d   Thumb Code    32  pstorage.o(i.state_swap_erase_entry_run)
    i.state_write_data_swap_entry_run        0x0001fe9c   Section        0  pstorage.o(i.state_write_data_swap_entry_run)
    state_write_data_swap_entry_run          0x0001fe9d   Thumb Code    42  pstorage.o(i.state_write_data_swap_entry_run)
    i.storage_operation_dummy_handler        0x0001fecc   Section        0  device_manager_peripheral.o(i.storage_operation_dummy_handler)
    storage_operation_dummy_handler          0x0001fecd   Thumb Code     4  device_manager_peripheral.o(i.storage_operation_dummy_handler)
    i.store_cmd_flash_write_execute          0x0001fed0   Section        0  pstorage.o(i.store_cmd_flash_write_execute)
    store_cmd_flash_write_execute            0x0001fed1   Thumb Code    82  pstorage.o(i.store_cmd_flash_write_execute)
    i.swap_erase_state_run                   0x0001ff2c   Section        0  pstorage.o(i.swap_erase_state_run)
    swap_erase_state_run                     0x0001ff2d   Thumb Code    24  pstorage.o(i.swap_erase_state_run)
    i.swap_sub_state_err_busy_process        0x0001ff48   Section        0  pstorage.o(i.swap_sub_state_err_busy_process)
    swap_sub_state_err_busy_process          0x0001ff49   Thumb Code    20  pstorage.o(i.swap_sub_state_err_busy_process)
    i.swap_sub_state_state_change            0x0001ff60   Section        0  pstorage.o(i.swap_sub_state_state_change)
    swap_sub_state_state_change              0x0001ff61   Thumb Code    12  pstorage.o(i.swap_sub_state_state_change)
    i.sys_evt_dispatch                       0x0001ff74   Section        0  main.o(i.sys_evt_dispatch)
    sys_evt_dispatch                         0x0001ff75   Thumb Code    22  main.o(i.sys_evt_dispatch)
    i.tail_restore_state_run                 0x0001ff8c   Section        0  pstorage.o(i.tail_restore_state_run)
    tail_restore_state_run                   0x0001ff8d   Thumb Code    22  pstorage.o(i.tail_restore_state_run)
    i.timer_list_handler                     0x0001ffa8   Section        0  app_timer.o(i.timer_list_handler)
    timer_list_handler                       0x0001ffa9   Thumb Code   128  app_timer.o(i.timer_list_handler)
    i.timer_list_handler_sched               0x0002002c   Section        0  app_timer.o(i.timer_list_handler_sched)
    timer_list_handler_sched                 0x0002002d   Thumb Code    10  app_timer.o(i.timer_list_handler_sched)
    i.timer_list_insert                      0x0002003c   Section        0  app_timer.o(i.timer_list_insert)
    timer_list_insert                        0x0002003d   Thumb Code    60  app_timer.o(i.timer_list_insert)
    i.timer_timeouts_check                   0x0002007c   Section        0  app_timer.o(i.timer_timeouts_check)
    timer_timeouts_check                     0x0002007d   Thumb Code   122  app_timer.o(i.timer_timeouts_check)
    i.tx_byte                                0x00020100   Section        0  nrf_drv_uart.o(i.tx_byte)
    tx_byte                                  0x00020101   Thumb Code    30  nrf_drv_uart.o(i.tx_byte)
    i.tx_done_event                          0x0002012c   Section        0  nrf_drv_uart.o(i.tx_done_event)
    tx_done_event                            0x0002012d   Thumb Code    26  nrf_drv_uart.o(i.tx_done_event)
    i.uart_event_handle                      0x0002014c   Section        0  main.o(i.uart_event_handle)
    i.uart_event_handler                     0x000201b4   Section        0  app_uart_fifo.o(i.uart_event_handler)
    uart_event_handler                       0x000201b5   Thumb Code   156  app_uart_fifo.o(i.uart_event_handler)
    i.uint16_decode                          0x00020258   Section        0  scanner_beacon.o(i.uint16_decode)
    uint16_decode                            0x00020259   Thumb Code    10  scanner_beacon.o(i.uint16_decode)
    i.uint16_encode                          0x00020262   Section        0  ble_advdata.o(i.uint16_encode)
    uint16_encode                            0x00020263   Thumb Code    10  ble_advdata.o(i.uint16_encode)
    i.update_status_bit_reset                0x0002026c   Section        0  device_manager_peripheral.o(i.update_status_bit_reset)
    update_status_bit_reset                  0x0002026d   Thumb Code    14  device_manager_peripheral.o(i.update_status_bit_reset)
    i.update_timeout_handler                 0x00020280   Section        0  ble_conn_params.o(i.update_timeout_handler)
    update_timeout_handler                   0x00020281   Thumb Code    86  ble_conn_params.o(i.update_timeout_handler)
    i.user_id_get                            0x000202e4   Section        0  app_timer.o(i.user_id_get)
    user_id_get                              0x000202e5   Thumb Code    74  app_timer.o(i.user_id_get)
    i.user_op_alloc                          0x00020338   Section        0  app_timer.o(i.user_op_alloc)
    user_op_alloc                            0x00020339   Thumb Code    38  app_timer.o(i.user_op_alloc)
    i.uuid_list_encode                       0x0002035e   Section        0  ble_advdata.o(i.uuid_list_encode)
    uuid_list_encode                         0x0002035f   Thumb Code    48  ble_advdata.o(i.uuid_list_encode)
    i.uuid_list_sized_encode                 0x0002038e   Section        0  ble_advdata.o(i.uuid_list_sized_encode)
    uuid_list_sized_encode                   0x0002038f   Thumb Code   174  ble_advdata.o(i.uuid_list_sized_encode)
    i.whitelist_has_entries                  0x0002043c   Section        0  ble_advertising.o(i.whitelist_has_entries)
    whitelist_has_entries                    0x0002043d   Thumb Code    16  ble_advertising.o(i.whitelist_has_entries)
    .constdata                               0x0002044c   Section       12  main.o(.constdata)
    .constdata                               0x00020458   Section       60  bsp.o(.constdata)
    m_leds_timer_id                          0x00020458   Data           4  bsp.o(.constdata)
    m_alert_timer_id                         0x0002045c   Data           4  bsp.o(.constdata)
    m_button_timer_id                        0x00020460   Data           4  bsp.o(.constdata)
    m_buttons_list                           0x00020464   Data          16  bsp.o(.constdata)
    app_buttons                              0x00020474   Data          32  bsp.o(.constdata)
    .constdata                               0x00020494   Section        4  ble_conn_params.o(.constdata)
    m_conn_params_timer_id                   0x00020494   Data           4  ble_conn_params.o(.constdata)
    .constdata                               0x00020498   Section       48  device_manager_peripheral.o(.constdata)
    .constdata                               0x000204c8   Section       32  app_uart_fifo.o(.constdata)
    .constdata                               0x000204e8   Section       32  nrf_drv_uart.o(.constdata)
    m_default_config                         0x000204e8   Data          32  nrf_drv_uart.o(.constdata)
    .constdata                               0x00020508   Section       40  pstorage.o(.constdata)
    swap_sub_state_sm_lut                    0x00020508   Data          20  pstorage.o(.constdata)
    swap_sub_state_sm_lut                    0x0002051c   Data          20  pstorage.o(.constdata)
    .data                                    0x20002800   Section       20  main.o(.data)
    index                                    0x20002800   Data           1  main.o(.data)
    m_app_handle                             0x20002801   Data           1  main.o(.data)
    m_conn_handle                            0x20002802   Data           2  main.o(.data)
    prBat                                    0x20002808   Data           4  main.o(.data)
    m_beacon_scanner_init                    0x2000280c   Data           8  main.o(.data)
    .data                                    0x20002814   Section       24  bsp.o(.data)
    m_stable_state                           0x20002814   Data           1  bsp.o(.data)
    current_long_push_pin_no                 0x20002815   Data           1  bsp.o(.data)
    m_app_ticks_per_100ms                    0x20002818   Data           4  bsp.o(.data)
    m_indication_type                        0x2000281c   Data           4  bsp.o(.data)
    m_alert_mask                             0x20002820   Data           4  bsp.o(.data)
    m_registered_callback                    0x20002824   Data           4  bsp.o(.data)
    release_event_at_push                    0x20002828   Data           4  bsp.o(.data)
    .data                                    0x2000282c   Section        8  bsp_btn_ble.o(.data)
    m_error_handler                          0x2000282c   Data           4  bsp_btn_ble.o(.data)
    m_num_connections                        0x20002830   Data           4  bsp_btn_ble.o(.data)
    .data                                    0x20002834   Section       31  ble_advertising.o(.data)
    m_advertising_start_pending              0x20002834   Data           1  ble_advertising.o(.data)
    m_whitelist_temporarily_disabled         0x20002835   Data           1  ble_advertising.o(.data)
    m_whitelist_reply_expected               0x20002836   Data           1  ble_advertising.o(.data)
    m_peer_addr_reply_expected               0x20002837   Data           1  ble_advertising.o(.data)
    m_adv_evt                                0x20002838   Data           1  ble_advertising.o(.data)
    m_adv_mode_current                       0x20002839   Data           1  ble_advertising.o(.data)
    m_tx_power_level                         0x2000283a   Data           1  ble_advertising.o(.data)
    current_slave_link_conn_handle           0x2000283c   Data           2  ble_advertising.o(.data)
    m_evt_handler                            0x20002840   Data           4  ble_advertising.o(.data)
    m_error_handler                          0x20002844   Data           4  ble_advertising.o(.data)
    m_slave_conn_int                         0x20002848   Data           4  ble_advertising.o(.data)
    m_peer_address                           0x2000284c   Data           7  ble_advertising.o(.data)
    .data                                    0x20002854   Section       20  ble_conn_params.o(.data)
    m_change_param                           0x20002854   Data           1  ble_conn_params.o(.data)
    m_update_count                           0x20002855   Data           1  ble_conn_params.o(.data)
    m_conn_handle                            0x20002856   Data           2  ble_conn_params.o(.data)
    m_preferred_conn_params                  0x20002858   Data           8  ble_conn_params.o(.data)
    m_current_conn_params                    0x20002860   Data           8  ble_conn_params.o(.data)
    .data                                    0x20002868   Section       24  device_manager_peripheral.o(.data)
    m_module_initialized                     0x20002868   Data           1  device_manager_peripheral.o(.data)
    m_peer_addr_update                       0x2000286c   Data           4  device_manager_peripheral.o(.data)
    m_irk_index_table                        0x20002870   Data           7  device_manager_peripheral.o(.data)
    m_storage_handle                         0x20002878   Data           8  device_manager_peripheral.o(.data)
    .data                                    0x20002880   Section        8  app_uart_fifo.o(.data)
    tx_buffer                                0x20002880   Data           1  app_uart_fifo.o(.data)
    tx_tmp                                   0x20002881   Data           1  app_uart_fifo.o(.data)
    rx_buffer                                0x20002882   Data           1  app_uart_fifo.o(.data)
    m_event_handler                          0x20002884   Data           4  app_uart_fifo.o(.data)
    .data                                    0x20002888   Section       36  pstorage.o(.data)
    m_state                                  0x20002888   Data           1  pstorage.o(.data)
    m_swap_sub_state                         0x20002889   Data           1  pstorage.o(.data)
    m_next_app_instance                      0x2000288a   Data           2  pstorage.o(.data)
    m_flags                                  0x2000288c   Data           4  pstorage.o(.data)
    m_next_page_addr                         0x20002890   Data           4  pstorage.o(.data)
    m_head_word_size                         0x20002894   Data           4  pstorage.o(.data)
    m_tail_word_size                         0x20002898   Data           4  pstorage.o(.data)
    m_current_page_id                        0x2000289c   Data           4  pstorage.o(.data)
    m_num_of_command_retries                 0x200028a0   Data           4  pstorage.o(.data)
    m_num_of_bytes_written                   0x200028a4   Data           4  pstorage.o(.data)
    m_app_data_size                          0x200028a8   Data           4  pstorage.o(.data)
    .data                                    0x200028ac   Section       32  app_timer.o(.data)
    m_user_array_size                        0x200028ac   Data           1  app_timer.o(.data)
    m_ticks_elapsed_q_read_ind               0x200028ad   Data           1  app_timer.o(.data)
    m_ticks_elapsed_q_write_ind              0x200028ae   Data           1  app_timer.o(.data)
    m_rtc1_running                           0x200028af   Data           1  app_timer.o(.data)
    m_rtc1_reset                             0x200028b0   Data           1  app_timer.o(.data)
    mp_users                                 0x200028b4   Data           4  app_timer.o(.data)
    mp_timer_id_head                         0x200028b8   Data           4  app_timer.o(.data)
    m_ticks_latest                           0x200028bc   Data           4  app_timer.o(.data)
    m_evt_schedule_func                      0x200028c0   Data           4  app_timer.o(.data)
    m_ticks_elapsed                          0x200028c4   Data           8  app_timer.o(.data)
    .data                                    0x200028cc   Section        4  retarget.o(.data)
    .data                                    0x200028d0   Section       20  softdevice_handler.o(.data)
    m_softdevice_enabled                     0x200028d0   Data           1  softdevice_handler.o(.data)
    m_ble_evt_buffer_size                    0x200028d2   Data           2  softdevice_handler.o(.data)
    m_evt_schedule_func                      0x200028d4   Data           4  softdevice_handler.o(.data)
    mp_ble_evt_buffer                        0x200028d8   Data           4  softdevice_handler.o(.data)
    m_ble_evt_handler                        0x200028dc   Data           4  softdevice_handler.o(.data)
    m_sys_evt_handler                        0x200028e0   Data           4  softdevice_handler.o(.data)
    .data                                    0x200028e4   Section        4  system_nrf51.o(.data)
    __tagsym$$used                           0x200028e4   Number         0  system_nrf51.o(.data)
    .bss                                     0x200028e8   Section     1192  main.o(.bss)
    APP_TIMER_BUF                            0x200028e8   Data         456  main.o(.bss)
    BLE_EVT_BUFFER                           0x20002ab0   Data          72  main.o(.bss)
    data_array                               0x20002af8   Data          20  main.o(.bss)
    rx_buf                                   0x20002b0c   Data         256  main.o(.bss)
    tx_buf                                   0x20002c0c   Data         256  main.o(.bss)
    m_nus                                    0x20002d0c   Data          28  main.o(.bss)
    m_bas                                    0x20002d28   Data          24  main.o(.bss)
    m_hrs                                    0x20002d40   Data          80  main.o(.bss)
    .bss                                     0x20002d90   Section       24  scanner_beacon.o(.bss)
    m_beacon_scanner                         0x20002d90   Data          24  scanner_beacon.o(.bss)
    .bss                                     0x20002da8   Section       32  bsp.o(.bss)
    m_leds_timer_id_data                     0x20002da8   Data          32  bsp.o(.bss)
    .bss                                     0x20002dc8   Section       32  bsp.o(.bss)
    m_alert_timer_id_data                    0x20002dc8   Data          32  bsp.o(.bss)
    .bss                                     0x20002de8   Section       12  bsp.o(.bss)
    m_events_list                            0x20002de8   Data          12  bsp.o(.bss)
    .bss                                     0x20002df4   Section       32  bsp.o(.bss)
    m_button_timer_id_data                   0x20002df4   Data          32  bsp.o(.bss)
    .bss                                     0x20002e14   Section      259  ble_advertising.o(.bss)
    m_advdata                                0x20002e14   Data          56  ble_advertising.o(.bss)
    m_adv_modes_config                       0x20002e4c   Data          36  ble_advertising.o(.bss)
    m_whitelist                              0x20002e70   Data          16  ble_advertising.o(.bss)
    mp_whitelist_addr                        0x20002e80   Data          32  ble_advertising.o(.bss)
    mp_whitelist_irk                         0x20002ea0   Data          32  ble_advertising.o(.bss)
    m_manuf_specific_data                    0x20002ec0   Data          12  ble_advertising.o(.bss)
    m_manuf_data_array                       0x20002ecc   Data          31  ble_advertising.o(.bss)
    m_service_data                           0x20002eec   Data          12  ble_advertising.o(.bss)
    m_service_data_array                     0x20002ef8   Data          31  ble_advertising.o(.bss)
    .bss                                     0x20002f18   Section       32  ble_conn_params.o(.bss)
    m_conn_params_timer_id_data              0x20002f18   Data          32  ble_conn_params.o(.bss)
    .bss                                     0x20002f38   Section       28  ble_conn_params.o(.bss)
    m_conn_params_config                     0x20002f38   Data          28  ble_conn_params.o(.bss)
    .bss                                     0x20002f54   Section      295  device_manager_peripheral.o(.bss)
    m_peer_table                             0x20002f54   Data         196  device_manager_peripheral.o(.bss)
    m_bond_table                             0x20003018   Data          28  device_manager_peripheral.o(.bss)
    m_gatts_table                            0x20003034   Data          24  device_manager_peripheral.o(.bss)
    m_connection_table                       0x2000304c   Data          12  device_manager_peripheral.o(.bss)
    m_application_table                      0x20003058   Data          12  device_manager_peripheral.o(.bss)
    m_local_id_info                          0x20003064   Data          23  device_manager_peripheral.o(.bss)
    .bss                                     0x2000307c   Section       32  app_uart_fifo.o(.bss)
    m_rx_fifo                                0x2000307c   Data          16  app_uart_fifo.o(.bss)
    m_tx_fifo                                0x2000308c   Data          16  app_uart_fifo.o(.bss)
    .bss                                     0x2000309c   Section       72  nrf_drv_gpiote.o(.bss)
    m_cb                                     0x2000309c   Data          72  nrf_drv_gpiote.o(.bss)
    .bss                                     0x200030e4   Section       24  nrf_drv_uart.o(.bss)
    m_cb                                     0x200030e4   Data          24  nrf_drv_uart.o(.bss)
    .bss                                     0x200030fc   Section      216  pstorage.o(.bss)
    m_cmd_queue                              0x200030fc   Data         204  pstorage.o(.bss)
    m_app_table                              0x200031c8   Data          12  pstorage.o(.bss)
    STACK                                    0x200031d8   Section     2048  arm_startup_nrf51.o(STACK)

    Global Symbols

    Symbol Name                              Value     Ov Type        Size  Object(Section)

    BuildAttributes$$THM_ISAv3M$S$PE$A:L22$X:L11$S22$IEEE1$IW$USESV6$~STKCKD$USESV7$~SHL$OSPACE$ROPI$EBA8$MICROLIB$REQ8$PRES8$EABIv2 0x00000000   Number         0  anon$$obj.o ABSOLUTE
    __ARM_use_no_argv                        0x00000000   Number         0  main.o ABSOLUTE
    _printf_a                                0x00000000   Number         0  stubs.o ABSOLUTE
    _printf_c                                0x00000000   Number         0  stubs.o ABSOLUTE
    _printf_charcount                        0x00000000   Number         0  stubs.o ABSOLUTE
    _printf_d                                0x00000000   Number         0  stubs.o ABSOLUTE
    _printf_e                                0x00000000   Number         0  stubs.o ABSOLUTE
    _printf_f                                0x00000000   Number         0  stubs.o ABSOLUTE
    _printf_flags                            0x00000000   Number         0  stubs.o ABSOLUTE
    _printf_fp_dec                           0x00000000   Number         0  stubs.o ABSOLUTE
    _printf_fp_hex                           0x00000000   Number         0  stubs.o ABSOLUTE
    _printf_g                                0x00000000   Number         0  stubs.o ABSOLUTE
    _printf_i                                0x00000000   Number         0  stubs.o ABSOLUTE
    _printf_int_dec                          0x00000000   Number         0  stubs.o ABSOLUTE
    _printf_l                                0x00000000   Number         0  stubs.o ABSOLUTE
    _printf_lc                               0x00000000   Number         0  stubs.o ABSOLUTE
    _printf_ll                               0x00000000   Number         0  stubs.o ABSOLUTE
    _printf_lld                              0x00000000   Number         0  stubs.o ABSOLUTE
    _printf_lli                              0x00000000   Number         0  stubs.o ABSOLUTE
    _printf_llo                              0x00000000   Number         0  stubs.o ABSOLUTE
    _printf_llu                              0x00000000   Number         0  stubs.o ABSOLUTE
    _printf_llx                              0x00000000   Number         0  stubs.o ABSOLUTE
    _printf_longlong_dec                     0x00000000   Number         0  stubs.o ABSOLUTE
    _printf_longlong_hex                     0x00000000   Number         0  stubs.o ABSOLUTE
    _printf_longlong_oct                     0x00000000   Number         0  stubs.o ABSOLUTE
    _printf_ls                               0x00000000   Number         0  stubs.o ABSOLUTE
    _printf_mbtowc                           0x00000000   Number         0  stubs.o ABSOLUTE
    _printf_n                                0x00000000   Number         0  stubs.o ABSOLUTE
    _printf_o                                0x00000000   Number         0  stubs.o ABSOLUTE
    _printf_p                                0x00000000   Number         0  stubs.o ABSOLUTE
    _printf_percent                          0x00000000   Number         0  stubs.o ABSOLUTE
    _printf_pre_padding                      0x00000000   Number         0  stubs.o ABSOLUTE
    _printf_return_value                     0x00000000   Number         0  stubs.o ABSOLUTE
    _printf_s                                0x00000000   Number         0  stubs.o ABSOLUTE
    _printf_sizespec                         0x00000000   Number         0  stubs.o ABSOLUTE
    _printf_str                              0x00000000   Number         0  stubs.o ABSOLUTE
    _printf_truncate_signed                  0x00000000   Number         0  stubs.o ABSOLUTE
    _printf_truncate_unsigned                0x00000000   Number         0  stubs.o ABSOLUTE
    _printf_u                                0x00000000   Number         0  stubs.o ABSOLUTE
    _printf_wc                               0x00000000   Number         0  stubs.o ABSOLUTE
    _printf_wctomb                           0x00000000   Number         0  stubs.o ABSOLUTE
    _printf_widthprec                        0x00000000   Number         0  stubs.o ABSOLUTE
    _printf_x                                0x00000000   Number         0  stubs.o ABSOLUTE
    __cpp_initialize__aeabi_                  - Undefined Weak Reference
    __cxa_finalize                            - Undefined Weak Reference
    __decompress                              - Undefined Weak Reference
    _clock_init                               - Undefined Weak Reference
    _microlib_exit                            - Undefined Weak Reference
    __Vectors_Size                           0x000000c0   Number         0  arm_startup_nrf51.o ABSOLUTE
    __Vectors                                0x0001c000   Data           4  arm_startup_nrf51.o(RESET)
    __Vectors_End                            0x0001c0c0   Data           0  arm_startup_nrf51.o(RESET)
    __main                                   0x0001c0c1   Thumb Code     0  entry.o(.ARM.Collect$$$$00000000)
    _main_stk                                0x0001c0c1   Thumb Code     0  entry2.o(.ARM.Collect$$$$00000001)
    _main_scatterload                        0x0001c0c5   Thumb Code     0  entry5.o(.ARM.Collect$$$$00000004)
    __main_after_scatterload                 0x0001c0c9   Thumb Code     0  entry5.o(.ARM.Collect$$$$00000004)
    _main_clock                              0x0001c0c9   Thumb Code     0  entry7b.o(.ARM.Collect$$$$00000008)
    _main_cpp_init                           0x0001c0c9   Thumb Code     0  entry8b.o(.ARM.Collect$$$$0000000A)
    _main_init                               0x0001c0c9   Thumb Code     0  entry9a.o(.ARM.Collect$$$$0000000B)
    __rt_final_cpp                           0x0001c0d1   Thumb Code     0  entry10a.o(.ARM.Collect$$$$0000000D)
    __rt_final_exit                          0x0001c0d1   Thumb Code     0  entry11a.o(.ARM.Collect$$$$0000000F)
    __asm___11_nrf_delay_c_532987f3__nrf_delay_us 0x0001c0d5   Thumb Code    30  nrf_delay.o(.emb_text)
    __asm___11_app_timer_c_cd27f9c3__nrf_delay_us 0x0001c0f5   Thumb Code    30  app_timer.o(.emb_text)
    Reset_Handler                            0x0001c115   Thumb Code    26  arm_startup_nrf51.o(.text)
    NMI_Handler                              0x0001c12f   Thumb Code     2  arm_startup_nrf51.o(.text)
    HardFault_Handler                        0x0001c131   Thumb Code     2  arm_startup_nrf51.o(.text)
    SVC_Handler                              0x0001c133   Thumb Code     2  arm_startup_nrf51.o(.text)
    PendSV_Handler                           0x0001c135   Thumb Code     2  arm_startup_nrf51.o(.text)
    SysTick_Handler                          0x0001c137   Thumb Code     2  arm_startup_nrf51.o(.text)
    CCM_AAR_IRQHandler                       0x0001c139   Thumb Code     0  arm_startup_nrf51.o(.text)
    ECB_IRQHandler                           0x0001c139   Thumb Code     0  arm_startup_nrf51.o(.text)
    LPCOMP_IRQHandler                        0x0001c139   Thumb Code     0  arm_startup_nrf51.o(.text)
    POWER_CLOCK_IRQHandler                   0x0001c139   Thumb Code     0  arm_startup_nrf51.o(.text)
    QDEC_IRQHandler                          0x0001c139   Thumb Code     0  arm_startup_nrf51.o(.text)
    RADIO_IRQHandler                         0x0001c139   Thumb Code     0  arm_startup_nrf51.o(.text)
    RNG_IRQHandler                           0x0001c139   Thumb Code     0  arm_startup_nrf51.o(.text)
    RTC0_IRQHandler                          0x0001c139   Thumb Code     0  arm_startup_nrf51.o(.text)
    SPI0_TWI0_IRQHandler                     0x0001c139   Thumb Code     0  arm_startup_nrf51.o(.text)
    SPI1_TWI1_IRQHandler                     0x0001c139   Thumb Code     0  arm_startup_nrf51.o(.text)
    SWI1_IRQHandler                          0x0001c139   Thumb Code     0  arm_startup_nrf51.o(.text)
    SWI3_IRQHandler                          0x0001c139   Thumb Code     0  arm_startup_nrf51.o(.text)
    SWI4_IRQHandler                          0x0001c139   Thumb Code     0  arm_startup_nrf51.o(.text)
    SWI5_IRQHandler                          0x0001c139   Thumb Code     0  arm_startup_nrf51.o(.text)
    TEMP_IRQHandler                          0x0001c139   Thumb Code     0  arm_startup_nrf51.o(.text)
    TIMER0_IRQHandler                        0x0001c139   Thumb Code     0  arm_startup_nrf51.o(.text)
    TIMER1_IRQHandler                        0x0001c139   Thumb Code     0  arm_startup_nrf51.o(.text)
    TIMER2_IRQHandler                        0x0001c139   Thumb Code     0  arm_startup_nrf51.o(.text)
    WDT_IRQHandler                           0x0001c139   Thumb Code     0  arm_startup_nrf51.o(.text)
    __aeabi_uidiv                            0x0001c14d   Thumb Code     0  uidiv.o(.text)
    __aeabi_uidivmod                         0x0001c14d   Thumb Code    44  uidiv.o(.text)
    __aeabi_idiv                             0x0001c179   Thumb Code     0  idiv.o(.text)
    __aeabi_idivmod                          0x0001c179   Thumb Code    40  idiv.o(.text)
    ___aeabi_memcpy8$move                    0x0001c1a1   Thumb Code     0  memmovea.o(.text)
    __aeabi_memcpy                           0x0001c1a1   Thumb Code    64  memmovea.o(.text)
    __aeabi_memcpy4                          0x0001c1a1   Thumb Code     0  memmovea.o(.text)
    __aeabi_memmove                          0x0001c1a1   Thumb Code     0  memmovea.o(.text)
    __aeabi_memmove4                         0x0001c1a1   Thumb Code     0  memmovea.o(.text)
    __aeabi_memmove8                         0x0001c1a1   Thumb Code     0  memmovea.o(.text)
    __aeabi_memset                           0x0001c1e1   Thumb Code    14  memseta.o(.text)
    __aeabi_memset4                          0x0001c1e1   Thumb Code     0  memseta.o(.text)
    __aeabi_memset8                          0x0001c1e1   Thumb Code     0  memseta.o(.text)
    __aeabi_memclr                           0x0001c1ef   Thumb Code     4  memseta.o(.text)
    __aeabi_memclr4                          0x0001c1ef   Thumb Code     0  memseta.o(.text)
    __aeabi_memclr8                          0x0001c1ef   Thumb Code     0  memseta.o(.text)
    _memset$wrapper                          0x0001c1f3   Thumb Code    18  memseta.o(.text)
    memcmp                                   0x0001c205   Thumb Code    26  memcmp.o(.text)
    __aeabi_uldivmod                         0x0001c21f   Thumb Code    96  uldiv.o(.text)
    __scatterload                            0x0001c281   Thumb Code    28  init.o(.text)
    __scatterload_rt2                        0x0001c281   Thumb Code     0  init.o(.text)
    __aeabi_llsl                             0x0001c2a5   Thumb Code    32  llshl.o(.text)
    _ll_shift_l                              0x0001c2a5   Thumb Code     0  llshl.o(.text)
    __aeabi_llsr                             0x0001c2c5   Thumb Code    34  llushr.o(.text)
    _ll_ushift_r                             0x0001c2c5   Thumb Code     0  llushr.o(.text)
    ADC_IRQHandler                           0x0001c2e9   Thumb Code    60  main.o(i.ADC_IRQHandler)
    GPIOTE_IRQHandler                        0x0001c351   Thumb Code   234  nrf_drv_gpiote.o(i.GPIOTE_IRQHandler)
    RTC1_IRQHandler                          0x0001c49d   Thumb Code    28  app_timer.o(i.RTC1_IRQHandler)
    SWI0_IRQHandler                          0x0001c4bd   Thumb Code     8  app_timer.o(i.SWI0_IRQHandler)
    SWI2_IRQHandler                          0x0001c4c5   Thumb Code    32  softdevice_handler.o(i.SWI2_IRQHandler)
    SystemInit                               0x0001c4e9   Thumb Code    64  system_nrf51.o(i.SystemInit)
    UART0_IRQHandler                         0x0001c53d   Thumb Code   244  nrf_drv_uart.o(i.UART0_IRQHandler)
    __0printf$8                              0x0001c641   Thumb Code    24  printf8.o(i.__0printf$8)
    __1printf$8                              0x0001c641   Thumb Code     0  printf8.o(i.__0printf$8)
    __2printf                                0x0001c641   Thumb Code     0  printf8.o(i.__0printf$8)
    __ARM_common_switch8                     0x0001c661   Thumb Code    26  bsp.o(i.__ARM_common_switch8)
    __scatterload_copy                       0x0001c67b   Thumb Code    14  handlers.o(i.__scatterload_copy)
    __scatterload_null                       0x0001c689   Thumb Code     2  handlers.o(i.__scatterload_null)
    __scatterload_zeroinit                   0x0001c68b   Thumb Code    14  handlers.o(i.__scatterload_zeroinit)
    adc_init                                 0x0001cb0d   Thumb Code    36  main.o(i.adc_init)
    adc_start                                0x0001cb41   Thumb Code    12  main.o(i.adc_start)
    adv_data_encode                          0x0001cb55   Thumb Code   534  ble_advdata.o(i.adv_data_encode)
    app_beacon_scanner_init                  0x0001cda9   Thumb Code    44  scanner_beacon.o(i.app_beacon_scanner_init)
    app_beacon_scanner_on_ble_evt            0x0001cdd9   Thumb Code   102  scanner_beacon.o(i.app_beacon_scanner_on_ble_evt)
    app_beacon_scanner_on_sys_evt            0x0001ce45   Thumb Code     2  scanner_beacon.o(i.app_beacon_scanner_on_sys_evt)
    app_beacon_scanner_start                 0x0001ce49   Thumb Code    22  scanner_beacon.o(i.app_beacon_scanner_start)
    app_error_handler                        0x0001ce65   Thumb Code    18  app_error.o(i.app_error_handler)
    app_fifo_get                             0x0001ce8d   Thumb Code    22  app_fifo.o(i.app_fifo_get)
    app_fifo_init                            0x0001cea3   Thumb Code    36  app_fifo.o(i.app_fifo_init)
    app_fifo_put                             0x0001cec7   Thumb Code    26  app_fifo.o(i.app_fifo_put)
    app_timer_create                         0x0001cf2d   Thumb Code    40  app_timer.o(i.app_timer_create)
    app_timer_init                           0x0001cf59   Thumb Code   126  app_timer.o(i.app_timer_init)
    app_timer_start                          0x0001cfe9   Thumb Code   114  app_timer.o(i.app_timer_start)
    app_timer_stop                           0x0001d065   Thumb Code    78  app_timer.o(i.app_timer_stop)
    app_uart_get                             0x0001d0b9   Thumb Code    44  app_uart_fifo.o(i.app_uart_get)
    app_uart_init                            0x0001d0ed   Thumb Code   144  app_uart_fifo.o(i.app_uart_init)
    app_uart_put                             0x0001d18d   Thumb Code    30  app_uart_fifo.o(i.app_uart_put)
    ble_advdata_set                          0x0001d1f5   Thumb Code   104  ble_advdata.o(i.ble_advdata_set)
    ble_advertising_on_ble_evt               0x0001d25d   Thumb Code   118  ble_advertising.o(i.ble_advertising_on_ble_evt)
    ble_advertising_on_sys_evt               0x0001d2d9   Thumb Code    42  ble_advertising.o(i.ble_advertising_on_sys_evt)
    ble_advertising_start                    0x0001d319   Thumb Code   470  ble_advertising.o(i.ble_advertising_start)
    ble_bas_on_ble_evt                       0x0001d4f9   Thumb Code    94  ble_bas.o(i.ble_bas_on_ble_evt)
    ble_conn_params_init                     0x0001d559   Thumb Code    68  ble_conn_params.o(i.ble_conn_params_init)
    ble_conn_params_on_ble_evt               0x0001d5ad   Thumb Code   132  ble_conn_params.o(i.ble_conn_params_on_ble_evt)
    ble_hrs_on_ble_evt                       0x0001d6dd   Thumb Code    80  ble_hrs.o(i.ble_hrs_on_ble_evt)
    ble_nus_string_send                      0x0001d72d   Thumb Code    78  ble_nus.o(i.ble_nus_string_send)
    bond_data_load                           0x0001d7e9   Thumb Code    58  device_manager_peripheral.o(i.bond_data_load)
    bsp_btn_ble_on_ble_evt                   0x0001d831   Thumb Code   114  bsp_btn_ble.o(i.bsp_btn_ble_on_ble_evt)
    bsp_event_to_button_action_assign        0x0001d949   Thumb Code    66  bsp.o(i.bsp_event_to_button_action_assign)
    bsp_indication_set                       0x0001d991   Thumb Code    22  bsp.o(i.bsp_indication_set)
    dm_ble_evt_handler                       0x0001e285   Thumb Code   962  device_manager_peripheral.o(i.dm_ble_evt_handler)
    dm_handle_initialize                     0x0001e65d   Thumb Code    22  device_manager_peripheral.o(i.dm_handle_initialize)
    dm_init                                  0x0001e679   Thumb Code   174  device_manager_peripheral.o(i.dm_init)
    dm_register                              0x0001e8a1   Thumb Code   104  device_manager_peripheral.o(i.dm_register)
    fputc                                    0x0001ea31   Thumb Code    14  retarget.o(i.fputc)
    intern_softdevice_events_execute         0x0001eccd   Thumb Code   124  softdevice_handler.o(i.intern_softdevice_events_execute)
    main                                     0x0001efe5   Thumb Code   246  main.o(i.main)
    nrf_delay_ms                             0x0001f241   Thumb Code    24  nrf_delay.o(i.nrf_delay_ms)
    nrf_drv_common_irq_enable                0x0001f25d   Thumb Code    78  nrf_drv_common.o(i.nrf_drv_common_irq_enable)
    nrf_drv_uart_init                        0x0001f2bd   Thumb Code   152  nrf_drv_uart.o(i.nrf_drv_uart_init)
    nrf_drv_uart_rx                          0x0001f36d   Thumb Code   166  nrf_drv_uart.o(i.nrf_drv_uart_rx)
    nrf_drv_uart_rx_enable                   0x0001f421   Thumb Code    20  nrf_drv_uart.o(i.nrf_drv_uart_rx_enable)
    nrf_drv_uart_tx                          0x0001f439   Thumb Code   130  nrf_drv_uart.o(i.nrf_drv_uart_tx)
    pstorage_access_status_get               0x0001f741   Thumb Code    30  pstorage.o(i.pstorage_access_status_get)
    pstorage_block_identifier_get            0x0001f769   Thumb Code    74  pstorage.o(i.pstorage_block_identifier_get)
    pstorage_clear                           0x0001f7bd   Thumb Code   156  pstorage.o(i.pstorage_clear)
    pstorage_init                            0x0001f891   Thumb Code    68  pstorage.o(i.pstorage_init)
    pstorage_load                            0x0001f8dd   Thumb Code   158  pstorage.o(i.pstorage_load)
    pstorage_register                        0x0001f985   Thumb Code   180  pstorage.o(i.pstorage_register)
    pstorage_store                           0x0001fa41   Thumb Code   134  pstorage.o(i.pstorage_store)
    pstorage_sys_event_handler               0x0001fad1   Thumb Code    72  pstorage.o(i.pstorage_sys_event_handler)
    pstorage_update                          0x0001fb1d   Thumb Code   134  pstorage.o(i.pstorage_update)
    softdevice_assertion_handler             0x0001fd31   Thumb Code    12  softdevice_handler.o(i.softdevice_assertion_handler)
    softdevice_ble_evt_handler_set           0x0001fd3d   Thumb Code    16  softdevice_handler.o(i.softdevice_ble_evt_handler_set)
    softdevice_handler_init                  0x0001fd51   Thumb Code    40  softdevice_handler.o(i.softdevice_handler_init)
    softdevice_sys_evt_handler_set           0x0001fd81   Thumb Code    16  softdevice_handler.o(i.softdevice_sys_evt_handler_set)
    uart_event_handle                        0x0002014d   Thumb Code    92  main.o(i.uart_event_handle)
    m_service_context_store                  0x00020498   Data          16  device_manager_peripheral.o(.constdata)
    m_service_context_load                   0x000204a8   Data          16  device_manager_peripheral.o(.constdata)
    m_service_context_apply                  0x000204b8   Data          16  device_manager_peripheral.o(.constdata)
    Region$$Table$$Base                      0x00020530   Number         0  anon$$obj.o(Region$$Table)
    Region$$Table$$Limit                     0x00020550   Number         0  anon$$obj.o(Region$$Table)
    m_vdd_measurement_volts                  0x20002804   Data           2  main.o(.data)
    m_vdd_measurement_raw                    0x20002806   Data           2  main.o(.data)
    __stdout                                 0x200028cc   Data           4  retarget.o(.data)
    SystemCoreClock                          0x200028e4   Data           4  system_nrf51.o(.data)
    __initial_sp                             0x200039d8   Data           0  arm_startup_nrf51.o(STACK)



==============================================================================

Memory Map of the image

  Image Entry point : 0x0001c0c1

  Load Region LR_IROM1 (Base: 0x0001c000, Size: 0x00004638, Max: 0x00024000, ABSOLUTE)

    Execution Region ER_IROM1 (Base: 0x0001c000, Size: 0x00004550, Max: 0x00024000, ABSOLUTE)

    Base Addr    Size         Type   Attr      Idx    E Section Name        Object

    0x0001c000   0x000000c0   Data   RO         2428    RESET               arm_startup_nrf51.o
    0x0001c0c0   0x00000000   Code   RO         2470  * .ARM.Collect$$$$00000000  mc_p.l(entry.o)
    0x0001c0c0   0x00000004   Code   RO         2752    .ARM.Collect$$$$00000001  mc_p.l(entry2.o)
    0x0001c0c4   0x00000004   Code   RO         2755    .ARM.Collect$$$$00000004  mc_p.l(entry5.o)
    0x0001c0c8   0x00000000   Code   RO         2757    .ARM.Collect$$$$00000008  mc_p.l(entry7b.o)
    0x0001c0c8   0x00000000   Code   RO         2759    .ARM.Collect$$$$0000000A  mc_p.l(entry8b.o)
    0x0001c0c8   0x00000008   Code   RO         2760    .ARM.Collect$$$$0000000B  mc_p.l(entry9a.o)
    0x0001c0d0   0x00000000   Code   RO         2762    .ARM.Collect$$$$0000000D  mc_p.l(entry10a.o)
    0x0001c0d0   0x00000000   Code   RO         2764    .ARM.Collect$$$$0000000F  mc_p.l(entry11a.o)
    0x0001c0d0   0x00000004   Code   RO         2753    .ARM.Collect$$$$00002712  mc_p.l(entry2.o)
    0x0001c0d4   0x0000001e   Code   RO         1325    .emb_text           nrf_delay.o
    0x0001c0f2   0x00000002   PAD
    0x0001c0f4   0x0000001e   Code   RO         2127    .emb_text           app_timer.o
    0x0001c112   0x00000002   PAD
    0x0001c114   0x00000038   Code   RO         2429    .text               arm_startup_nrf51.o
    0x0001c14c   0x0000002c   Code   RO         2473    .text               mc_p.l(uidiv.o)
    0x0001c178   0x00000028   Code   RO         2475    .text               mc_p.l(idiv.o)
    0x0001c1a0   0x00000040   Code   RO         2479    .text               mc_p.l(memmovea.o)
    0x0001c1e0   0x00000024   Code   RO         2481    .text               mc_p.l(memseta.o)
    0x0001c204   0x0000001a   Code   RO         2485    .text               mc_p.l(memcmp.o)
    0x0001c21e   0x00000060   Code   RO         2766    .text               mc_p.l(uldiv.o)
    0x0001c27e   0x00000002   PAD
    0x0001c280   0x00000024   Code   RO         2779    .text               mc_p.l(init.o)
    0x0001c2a4   0x00000020   Code   RO         2781    .text               mc_p.l(llshl.o)
    0x0001c2c4   0x00000022   Code   RO         2783    .text               mc_p.l(llushr.o)
    0x0001c2e6   0x00000002   PAD
    0x0001c2e8   0x00000068   Code   RO            4    i.ADC_IRQHandler    main.o
    0x0001c350   0x00000108   Code   RO         1375    i.GPIOTE_IRQHandler  nrf_drv_gpiote.o
    0x0001c458   0x00000044   Code   RO         2128    i.NVIC_SetPriority  app_timer.o
    0x0001c49c   0x00000020   Code   RO         2129    i.RTC1_IRQHandler   app_timer.o
    0x0001c4bc   0x00000008   Code   RO         2130    i.SWI0_IRQHandler   app_timer.o
    0x0001c4c4   0x00000024   Code   RO         2355    i.SWI2_IRQHandler   softdevice_handler.o
    0x0001c4e8   0x00000054   Code   RO         2436    i.SystemInit        system_nrf51.o
    0x0001c53c   0x00000104   Code   RO         1565    i.UART0_IRQHandler  nrf_drv_uart.o
    0x0001c640   0x00000020   Code   RO         2698    i.__0printf$8       mc_p.l(printf8.o)
    0x0001c660   0x0000001a   Code   RO          505    i.__ARM_common_switch8  bsp.o
    0x0001c67a   0x0000000e   Code   RO         2793    i.__scatterload_copy  mc_p.l(handlers.o)
    0x0001c688   0x00000002   Code   RO         2794    i.__scatterload_null  mc_p.l(handlers.o)
    0x0001c68a   0x0000000e   Code   RO         2795    i.__scatterload_zeroinit  mc_p.l(handlers.o)
    0x0001c698   0x00000428   Code   RO         2705    i._printf_core      mc_p.l(printf8.o)
    0x0001cac0   0x00000020   Code   RO         2706    i._printf_post_padding  mc_p.l(printf8.o)
    0x0001cae0   0x0000002c   Code   RO         2707    i._printf_pre_padding  mc_p.l(printf8.o)
    0x0001cb0c   0x00000034   Code   RO            5    i.adc_init          main.o
    0x0001cb40   0x00000014   Code   RO            6    i.adc_start         main.o
    0x0001cb54   0x00000216   Code   RO          578    i.adv_data_encode   ble_advdata.o
    0x0001cd6a   0x0000003c   Code   RO          538    i.advertising_buttons_configure  bsp_btn_ble.o
    0x0001cda6   0x00000002   PAD
    0x0001cda8   0x00000030   Code   RO          321    i.app_beacon_scanner_init  scanner_beacon.o
    0x0001cdd8   0x0000006c   Code   RO          322    i.app_beacon_scanner_on_ble_evt  scanner_beacon.o
    0x0001ce44   0x00000002   Code   RO          323    i.app_beacon_scanner_on_sys_evt  scanner_beacon.o
    0x0001ce46   0x00000002   PAD
    0x0001ce48   0x0000001c   Code   RO          324    i.app_beacon_scanner_start  scanner_beacon.o
    0x0001ce64   0x0000001c   Code   RO         2052    i.app_error_handler  app_error.o
    0x0001ce80   0x0000000c   Code   RO          975    i.app_evt_notify    device_manager_peripheral.o
    0x0001ce8c   0x00000016   Code   RO         2074    i.app_fifo_get      app_fifo.o
    0x0001cea2   0x00000024   Code   RO         2075    i.app_fifo_init     app_fifo.o
    0x0001cec6   0x0000001a   Code   RO         2076    i.app_fifo_put      app_fifo.o
    0x0001cee0   0x0000002c   Code   RO         1712    i.app_notify        pstorage.o
    0x0001cf0c   0x00000020   Code   RO         1713    i.app_notify_error_state_transit  pstorage.o
    0x0001cf2c   0x0000002c   Code   RO         2133    i.app_timer_create  app_timer.o
    0x0001cf58   0x00000090   Code   RO         2134    i.app_timer_init    app_timer.o
    0x0001cfe8   0x0000007c   Code   RO         2135    i.app_timer_start   app_timer.o
    0x0001d064   0x00000054   Code   RO         2136    i.app_timer_stop    app_timer.o
    0x0001d0b8   0x00000034   Code   RO         1250    i.app_uart_get      app_uart_fifo.o
    0x0001d0ec   0x000000a0   Code   RO         1251    i.app_uart_init     app_uart_fifo.o
    0x0001d18c   0x00000028   Code   RO         1252    i.app_uart_put      app_uart_fifo.o
    0x0001d1b4   0x00000034   Code   RO            8    i.beacon_evt_handler  main.o
    0x0001d1e8   0x0000000c   Code   RO            9    i.beacon_scanner_error_handler  main.o
    0x0001d1f4   0x00000068   Code   RO          579    i.ble_advdata_set   ble_advdata.o
    0x0001d25c   0x0000007c   Code   RO          650    i.ble_advertising_on_ble_evt  ble_advertising.o
    0x0001d2d8   0x00000030   Code   RO          651    i.ble_advertising_on_sys_evt  ble_advertising.o
    0x0001d308   0x00000010   Code   RO          653    i.ble_advertising_peer_address_clear  ble_advertising.o
    0x0001d318   0x000001e0   Code   RO          655    i.ble_advertising_start  ble_advertising.o
    0x0001d4f8   0x0000005e   Code   RO          739    i.ble_bas_on_ble_evt  ble_bas.o
    0x0001d556   0x00000002   PAD
    0x0001d558   0x00000054   Code   RO          772    i.ble_conn_params_init  ble_conn_params.o
    0x0001d5ac   0x00000090   Code   RO          773    i.ble_conn_params_on_ble_evt  ble_conn_params.o
    0x0001d63c   0x0000005e   Code   RO          580    i.ble_device_addr_encode  ble_advdata.o
    0x0001d69a   0x00000002   PAD
    0x0001d69c   0x00000040   Code   RO           10    i.ble_evt_dispatch  main.o
    0x0001d6dc   0x00000050   Code   RO          869    i.ble_hrs_on_ble_evt  ble_hrs.o
    0x0001d72c   0x00000054   Code   RO         1953    i.ble_nus_string_send  ble_nus.o
    0x0001d780   0x00000068   Code   RO           11    i.ble_stack_init    main.o
    0x0001d7e8   0x00000048   Code   RO          976    i.bond_data_load    device_manager_peripheral.o
    0x0001d830   0x00000078   Code   RO          540    i.bsp_btn_ble_on_ble_evt  bsp_btn_ble.o
    0x0001d8a8   0x000000a0   Code   RO          412    i.bsp_button_event_handler  bsp.o
    0x0001d948   0x00000048   Code   RO          417    i.bsp_event_to_button_action_assign  bsp.o
    0x0001d990   0x0000001c   Code   RO          418    i.bsp_indication_set  bsp.o
    0x0001d9ac   0x000001f8   Code   RO          421    i.bsp_led_indication  bsp.o
    0x0001dba4   0x00000010   Code   RO         1378    i.channel_port_get  nrf_drv_gpiote.o
    0x0001dbb4   0x00000104   Code   RO         1714    i.clear_operation_execute  pstorage.o
    0x0001dcb8   0x00000024   Code   RO         1715    i.clear_post_processing_run  pstorage.o
    0x0001dcdc   0x00000038   Code   RO         1716    i.cmd_process       pstorage.o
    0x0001dd14   0x00000020   Code   RO         1717    i.cmd_queue_element_init  pstorage.o
    0x0001dd34   0x0000004c   Code   RO         1718    i.cmd_queue_enqueue  pstorage.o
    0x0001dd80   0x0000003c   Code   RO         1719    i.command_end_procedure_run  pstorage.o
    0x0001ddbc   0x000000a8   Code   RO         2138    i.compare_reg_update  app_timer.o
    0x0001de64   0x00000088   Code   RO          581    i.conn_int_encode   ble_advdata.o
    0x0001deec   0x0000000c   Code   RO           12    i.conn_params_error_handler  main.o
    0x0001def8   0x00000068   Code   RO          775    i.conn_params_negotiation  ble_conn_params.o
    0x0001df60   0x00000030   Code   RO          977    i.connection_instance_find  device_manager_peripheral.o
    0x0001df90   0x00000024   Code   RO          978    i.connection_instance_init  device_manager_peripheral.o
    0x0001dfb4   0x00000054   Code   RO         1720    i.data_page_erase_state_run  pstorage.o
    0x0001e008   0x00000028   Code   RO         1721    i.data_to_swap_write_state_run  pstorage.o
    0x0001e030   0x00000052   Code   RO          326    i.decode_ad_manuf_spec_data  scanner_beacon.o
    0x0001e082   0x00000002   PAD
    0x0001e084   0x000000b0   Code   RO          979    i.device_context_store  device_manager_peripheral.o
    0x0001e134   0x00000054   Code   RO          980    i.device_instance_allocate  device_manager_peripheral.o
    0x0001e188   0x00000048   Code   RO          981    i.device_instance_find  device_manager_peripheral.o
    0x0001e1d0   0x0000002c   Code   RO          982    i.device_instance_free  device_manager_peripheral.o
    0x0001e1fc   0x00000012   Code   RO           13    i.device_manager_evt_handler  main.o
    0x0001e20e   0x00000002   PAD
    0x0001e210   0x00000074   Code   RO           14    i.device_manager_init  main.o
    0x0001e284   0x000003d8   Code   RO          987    i.dm_ble_evt_handler  device_manager_peripheral.o
    0x0001e65c   0x0000001c   Code   RO          993    i.dm_handle_initialize  device_manager_peripheral.o
    0x0001e678   0x000000c4   Code   RO          994    i.dm_init           device_manager_peripheral.o
    0x0001e73c   0x00000164   Code   RO          997    i.dm_pstorage_cb_handler  device_manager_peripheral.o
    0x0001e8a0   0x00000074   Code   RO          998    i.dm_register       device_manager_peripheral.o
    0x0001e914   0x00000040   Code   RO         2139    i.elapsed_ticks_acquire  app_timer.o
    0x0001e954   0x00000014   Code   RO         2079    i.fifo_get          app_fifo.o
    0x0001e968   0x00000012   Code   RO         2080    i.fifo_put          app_fifo.o
    0x0001e97a   0x00000002   PAD
    0x0001e97c   0x00000020   Code   RO         1722    i.flash_api_err_code_process  pstorage.o
    0x0001e99c   0x00000080   Code   RO         1723    i.flash_operation_success_run  pstorage.o
    0x0001ea1c   0x0000000a   Code   RO         1724    i.flash_page_erase  pstorage.o
    0x0001ea26   0x0000000a   Code   RO         1725    i.flash_write       pstorage.o
    0x0001ea30   0x0000000e   Code   RO         2290    i.fputc             retarget.o
    0x0001ea3e   0x00000002   PAD
    0x0001ea40   0x00000064   Code   RO           15    i.gap_params_init   main.o
    0x0001eaa4   0x00000004   Code   RO         1005    i.gattc_context_apply  device_manager_peripheral.o
    0x0001eaa8   0x00000004   Code   RO         1006    i.gattc_context_load  device_manager_peripheral.o
    0x0001eaac   0x00000004   Code   RO         1007    i.gattc_context_store  device_manager_peripheral.o
    0x0001eab0   0x000000b0   Code   RO         1008    i.gatts_context_apply  device_manager_peripheral.o
    0x0001eb60   0x00000030   Code   RO         1009    i.gatts_context_load  device_manager_peripheral.o
    0x0001eb90   0x000000ac   Code   RO         1010    i.gatts_context_store  device_manager_peripheral.o
    0x0001ec3c   0x00000008   Code   RO         1011    i.gattsc_context_apply  device_manager_peripheral.o
    0x0001ec44   0x00000008   Code   RO         1012    i.gattsc_context_load  device_manager_peripheral.o
    0x0001ec4c   0x00000008   Code   RO         1013    i.gattsc_context_store  device_manager_peripheral.o
    0x0001ec54   0x00000078   Code   RO         1726    i.head_restore_state_run  pstorage.o
    0x0001eccc   0x00000080   Code   RO         2356    i.intern_softdevice_events_execute  softdevice_handler.o
    0x0001ed4c   0x0000001c   Code   RO          776    i.is_conn_params_ok  ble_conn_params.o
    0x0001ed68   0x00000048   Code   RO         2437    i.is_manual_peripheral_setup_needed  system_nrf51.o
    0x0001edb0   0x00000044   Code   RO         1727    i.is_page_erase_required  pstorage.o
    0x0001edf4   0x0000000c   Code   RO         1728    i.is_word_aligned   pstorage.o
    0x0001ee00   0x00000054   Code   RO          582    i.le_role_encode    ble_advdata.o
    0x0001ee54   0x000000bc   Code   RO         2140    i.list_deletions_handler  app_timer.o
    0x0001ef10   0x000000d4   Code   RO         2141    i.list_insertions_handler  app_timer.o
    0x0001efe4   0x00000130   Code   RO           16    i.main              main.o
    0x0001f114   0x00000018   Code   RO         1729    i.main_state_err_busy_process  pstorage.o
    0x0001f12c   0x00000068   Code   RO          583    i.manuf_specific_data_encode  ble_advdata.o
    0x0001f194   0x0000009e   Code   RO          584    i.name_encode       ble_advdata.o
    0x0001f232   0x00000004   Code   RO         1014    i.no_service_context_apply  device_manager_peripheral.o
    0x0001f236   0x00000004   Code   RO         1015    i.no_service_context_load  device_manager_peripheral.o
    0x0001f23a   0x00000004   Code   RO         1016    i.no_service_context_store  device_manager_peripheral.o
    0x0001f23e   0x00000002   PAD
    0x0001f240   0x0000001c   Code   RO         1326    i.nrf_delay_ms      nrf_delay.o
    0x0001f25c   0x00000060   Code   RO         1349    i.nrf_drv_common_irq_enable  nrf_drv_common.o
    0x0001f2bc   0x000000b0   Code   RO         1567    i.nrf_drv_uart_init  nrf_drv_uart.o
    0x0001f36c   0x000000b4   Code   RO         1568    i.nrf_drv_uart_rx   nrf_drv_uart.o
    0x0001f420   0x00000018   Code   RO         1571    i.nrf_drv_uart_rx_enable  nrf_drv_uart.o
    0x0001f438   0x0000008c   Code   RO         1572    i.nrf_drv_uart_tx   nrf_drv_uart.o
    0x0001f4c4   0x00000024   Code   RO         1575    i.nrf_gpio_cfg      nrf_drv_uart.o
    0x0001f4e8   0x00000012   Code   RO         1577    i.nrf_gpio_cfg_input  nrf_drv_uart.o
    0x0001f4fa   0x00000014   Code   RO         1578    i.nrf_gpio_cfg_output  nrf_drv_uart.o
    0x0001f50e   0x00000002   PAD
    0x0001f510   0x00000020   Code   RO         1400    i.nrf_gpio_cfg_sense_set  nrf_drv_gpiote.o
    0x0001f530   0x00000014   Code   RO         1401    i.nrf_gpiote_event_is_set  nrf_drv_gpiote.o
    0x0001f544   0x0000000a   Code   RO         1579    i.nrf_uart_event_check  nrf_drv_uart.o
    0x0001f54e   0x00000010   Code   RO         1580    i.nrf_uart_int_enable_check  nrf_drv_uart.o
    0x0001f55e   0x00000002   PAD
    0x0001f560   0x0000016c   Code   RO           17    i.on_ble_evt        main.o
    0x0001f6cc   0x00000024   Code   RO           18    i.on_conn_params_evt  main.o
    0x0001f6f0   0x00000016   Code   RO          657    i.peer_address_exists  ble_advertising.o
    0x0001f706   0x00000002   PAD
    0x0001f708   0x00000038   Code   RO         1017    i.peer_instance_init  device_manager_peripheral.o
    0x0001f740   0x00000028   Code   RO         1730    i.pstorage_access_status_get  pstorage.o
    0x0001f768   0x00000054   Code   RO         1731    i.pstorage_block_identifier_get  pstorage.o
    0x0001f7bc   0x000000a4   Code   RO         1732    i.pstorage_clear    pstorage.o
    0x0001f860   0x00000024   Code   RO         1733    i.pstorage_flash_page_end  pstorage.o
    0x0001f884   0x0000000a   Code   RO         1734    i.pstorage_flash_page_size  pstorage.o
    0x0001f88e   0x00000002   PAD
    0x0001f890   0x0000004c   Code   RO         1735    i.pstorage_init     pstorage.o
    0x0001f8dc   0x000000a8   Code   RO         1736    i.pstorage_load     pstorage.o
    0x0001f984   0x000000bc   Code   RO         1737    i.pstorage_register  pstorage.o
    0x0001fa40   0x00000090   Code   RO         1738    i.pstorage_store    pstorage.o
    0x0001fad0   0x0000004c   Code   RO         1739    i.pstorage_sys_event_handler  pstorage.o
    0x0001fb1c   0x00000090   Code   RO         1740    i.pstorage_update   pstorage.o
    0x0001fbac   0x00000044   Code   RO         2142    i.rtc1_stop         app_timer.o
    0x0001fbf0   0x0000002c   Code   RO         1581    i.rx_byte           nrf_drv_uart.o
    0x0001fc1c   0x00000020   Code   RO         1582    i.rx_done_event     nrf_drv_uart.o
    0x0001fc3c   0x0000001c   Code   RO         1583    i.rx_enable         nrf_drv_uart.o
    0x0001fc58   0x0000008e   Code   RO          585    i.service_data_encode  ble_advdata.o
    0x0001fce6   0x00000002   PAD
    0x0001fce8   0x00000048   Code   RO         1741    i.sm_state_change   pstorage.o
    0x0001fd30   0x0000000c   Code   RO         2357    i.softdevice_assertion_handler  softdevice_handler.o
    0x0001fd3c   0x00000014   Code   RO         2358    i.softdevice_ble_evt_handler_set  softdevice_handler.o
    0x0001fd50   0x00000030   Code   RO         2359    i.softdevice_handler_init  softdevice_handler.o
    0x0001fd80   0x00000014   Code   RO         2362    i.softdevice_sys_evt_handler_set  softdevice_handler.o
    0x0001fd94   0x00000064   Code   RO         1742    i.state_data_erase_swap_entry_run  pstorage.o
    0x0001fdf8   0x00000010   Code   RO         1743    i.state_erase_data_page_entry_run  pstorage.o
    0x0001fe08   0x00000028   Code   RO         1744    i.state_restore_head_entry_run  pstorage.o
    0x0001fe30   0x0000004c   Code   RO         1745    i.state_restore_tail_entry_run  pstorage.o
    0x0001fe7c   0x00000020   Code   RO         1746    i.state_swap_erase_entry_run  pstorage.o
    0x0001fe9c   0x00000030   Code   RO         1747    i.state_write_data_swap_entry_run  pstorage.o
    0x0001fecc   0x00000004   Code   RO         1018    i.storage_operation_dummy_handler  device_manager_peripheral.o
    0x0001fed0   0x0000005c   Code   RO         1748    i.store_cmd_flash_write_execute  pstorage.o
    0x0001ff2c   0x0000001c   Code   RO         1749    i.swap_erase_state_run  pstorage.o
    0x0001ff48   0x00000018   Code   RO         1750    i.swap_sub_state_err_busy_process  pstorage.o
    0x0001ff60   0x00000014   Code   RO         1751    i.swap_sub_state_state_change  pstorage.o
    0x0001ff74   0x00000016   Code   RO           19    i.sys_evt_dispatch  main.o
    0x0001ff8a   0x00000002   PAD
    0x0001ff8c   0x0000001c   Code   RO         1752    i.tail_restore_state_run  pstorage.o
    0x0001ffa8   0x00000084   Code   RO         2143    i.timer_list_handler  app_timer.o
    0x0002002c   0x00000010   Code   RO         2144    i.timer_list_handler_sched  app_timer.o
    0x0002003c   0x00000040   Code   RO         2145    i.timer_list_insert  app_timer.o
    0x0002007c   0x00000084   Code   RO         2146    i.timer_timeouts_check  app_timer.o
    0x00020100   0x0000002c   Code   RO         1584    i.tx_byte           nrf_drv_uart.o
    0x0002012c   0x00000020   Code   RO         1585    i.tx_done_event     nrf_drv_uart.o
    0x0002014c   0x00000068   Code   RO           21    i.uart_event_handle  main.o
    0x000201b4   0x000000a4   Code   RO         1253    i.uart_event_handler  app_uart_fifo.o
    0x00020258   0x0000000a   Code   RO          327    i.uint16_decode     scanner_beacon.o
    0x00020262   0x0000000a   Code   RO          586    i.uint16_encode     ble_advdata.o
    0x0002026c   0x00000014   Code   RO         1019    i.update_status_bit_reset  device_manager_peripheral.o
    0x00020280   0x00000064   Code   RO          777    i.update_timeout_handler  ble_conn_params.o
    0x000202e4   0x00000054   Code   RO         2147    i.user_id_get       app_timer.o
    0x00020338   0x00000026   Code   RO         2148    i.user_op_alloc     app_timer.o
    0x0002035e   0x00000030   Code   RO          587    i.uuid_list_encode  ble_advdata.o
    0x0002038e   0x000000ae   Code   RO          588    i.uuid_list_sized_encode  ble_advdata.o
    0x0002043c   0x00000010   Code   RO          658    i.whitelist_has_entries  ble_advertising.o
    0x0002044c   0x0000000c   Data   RO           23    .constdata          main.o
    0x00020458   0x0000003c   Data   RO          429    .constdata          bsp.o
    0x00020494   0x00000004   Data   RO          780    .constdata          ble_conn_params.o
    0x00020498   0x00000030   Data   RO         1021    .constdata          device_manager_peripheral.o
    0x000204c8   0x00000020   Data   RO         1255    .constdata          app_uart_fifo.o
    0x000204e8   0x00000020   Data   RO         1587    .constdata          nrf_drv_uart.o
    0x00020508   0x00000028   Data   RO         1754    .constdata          pstorage.o
    0x00020530   0x00000020   Data   RO         2791    Region$$Table       anon$$obj.o


    Execution Region RW_IRAM1 (Base: 0x20002800, Size: 0x000011d8, Max: 0x00005800, ABSOLUTE)

    Base Addr    Size         Type   Attr      Idx    E Section Name        Object

    0x20002800   0x00000014   Data   RW           24    .data               main.o
    0x20002814   0x00000018   Data   RW          430    .data               bsp.o
    0x2000282c   0x00000008   Data   RW          542    .data               bsp_btn_ble.o
    0x20002834   0x0000001f   Data   RW          660    .data               ble_advertising.o
    0x20002853   0x00000001   PAD
    0x20002854   0x00000014   Data   RW          781    .data               ble_conn_params.o
    0x20002868   0x00000018   Data   RW         1023    .data               device_manager_peripheral.o
    0x20002880   0x00000008   Data   RW         1256    .data               app_uart_fifo.o
    0x20002888   0x00000024   Data   RW         1755    .data               pstorage.o
    0x200028ac   0x00000020   Data   RW         2149    .data               app_timer.o
    0x200028cc   0x00000004   Data   RW         2291    .data               retarget.o
    0x200028d0   0x00000014   Data   RW         2363    .data               softdevice_handler.o
    0x200028e4   0x00000004   Data   RW         2438    .data               system_nrf51.o
    0x200028e8   0x000004a8   Zero   RW           22    .bss                main.o
    0x20002d90   0x00000018   Zero   RW          328    .bss                scanner_beacon.o
    0x20002da8   0x00000020   Zero   RW          425    .bss                bsp.o
    0x20002dc8   0x00000020   Zero   RW          426    .bss                bsp.o
    0x20002de8   0x0000000c   Zero   RW          427    .bss                bsp.o
    0x20002df4   0x00000020   Zero   RW          428    .bss                bsp.o
    0x20002e14   0x00000103   Zero   RW          659    .bss                ble_advertising.o
    0x20002f17   0x00000001   PAD
    0x20002f18   0x00000020   Zero   RW          778    .bss                ble_conn_params.o
    0x20002f38   0x0000001c   Zero   RW          779    .bss                ble_conn_params.o
    0x20002f54   0x00000127   Zero   RW         1020    .bss                device_manager_peripheral.o
    0x2000307b   0x00000001   PAD
    0x2000307c   0x00000020   Zero   RW         1254    .bss                app_uart_fifo.o
    0x2000309c   0x00000048   Zero   RW         1404    .bss                nrf_drv_gpiote.o
    0x200030e4   0x00000018   Zero   RW         1586    .bss                nrf_drv_uart.o
    0x200030fc   0x000000d8   Zero   RW         1753    .bss                pstorage.o
    0x200031d4   0x00000004   PAD
    0x200031d8   0x00000800   Zero   RW         2426    STACK               arm_startup_nrf51.o


==============================================================================

Image component sizes


      Code (inc. data)   RO Data    RW Data    ZI Data      Debug   Object Name

        28         10          0          0          0       7772   app_error.o
       122          0          0          0          0       4538   app_fifo.o
      1700        152          0         32          0      29875   app_timer.o
       416         42         32          8         32      12258   app_uart_fifo.o
        56         18        192          0       2048        744   arm_startup_nrf51.o
      1588          6          0          0          0      19492   ble_advdata.o
       706         26          0         31        259      14502   ble_advertising.o
        94          0          0          0          0       9821   ble_bas.o
       460         58          4         20         60       6964   ble_conn_params.o
        80          0          0          0          0       4401   ble_hrs.o
        84          6          0          0          0       3298   ble_nus.o
       790         62         60         24        108      17457   bsp.o
       180          6          0          8          0       3953   bsp_btn_ble.o
      2748        198         48         24        295      34885   device_manager_peripheral.o
      1484        338         12         20       1192     109107   main.o
        58          4          0          0          0       1903   nrf_delay.o
        96         18          0          0          0       8524   nrf_drv_common.o
       332         48          0          0         72      13660   nrf_drv_gpiote.o
      1060        116         32          0         24      23516   nrf_drv_uart.o
      2830        262         40         36        216      39530   pstorage.o
        14          0          0          4          0       2950   retarget.o
       278         16          0          0         24      45225   scanner_beacon.o
       264         24          0         20          0      11388   softdevice_handler.o
       156         26          0          4          0       2339   system_nrf51.o

    ----------------------------------------------------------------------
     15658       1436        452        232       4336     428102   Object Totals
         0          0         32          0          0          0   (incl. Generated)
        34          0          0          1          6          0   (incl. Padding)

    ----------------------------------------------------------------------

      Code (inc. data)   RO Data    RW Data    ZI Data      Debug   Library Member Name

         0          0          0          0          0          0   entry.o
         0          0          0          0          0          0   entry10a.o
         0          0          0          0          0          0   entry11a.o
         8          4          0          0          0          0   entry2.o
         4          0          0          0          0          0   entry5.o
         0          0          0          0          0          0   entry7b.o
         0          0          0          0          0          0   entry8b.o
         8          4          0          0          0          0   entry9a.o
        30          0          0          0          0          0   handlers.o
        40          0          0          0          0         72   idiv.o
        36          8          0          0          0         68   init.o
        32          0          0          0          0         68   llshl.o
        34          0          0          0          0         68   llushr.o
        26          0          0          0          0         72   memcmp.o
        64          0          0          0          0         68   memmovea.o
        36          0          0          0          0        100   memseta.o
      1172         52          0          0          0        324   printf8.o
        44          0          0          0          0         72   uidiv.o
        96          0          0          0          0         84   uldiv.o

    ----------------------------------------------------------------------
      1634         68          0          0          0        996   Library Totals
         4          0          0          0          0          0   (incl. Padding)

    ----------------------------------------------------------------------

      Code (inc. data)   RO Data    RW Data    ZI Data      Debug   Library Name

      1630         68          0          0          0        996   mc_p.l

    ----------------------------------------------------------------------
      1634         68          0          0          0        996   Library Totals

    ----------------------------------------------------------------------

==============================================================================


      Code (inc. data)   RO Data    RW Data    ZI Data      Debug   

     17292       1504        452        232       4336     420874   Grand Totals
     17292       1504        452        232       4336     420874   ELF Image Totals
     17292       1504        452        232          0          0   ROM Totals

==============================================================================

    Total RO  Size (Code + RO Data)                17744 (  17.33kB)
    Total RW  Size (RW Data + ZI Data)              4568 (   4.46kB)
    Total ROM Size (Code + RO Data + RW Data)      17976 (  17.55kB)

==============================================================================

